// Jest Snapshot v1, https://goo.gl/fbAQLP

exports[`Create test component to match snapshot 1`] = `
<div
  className="makeStyles-root-1"
>
  <WithStyles(ForwardRef(Button))
    color="primary"
    disableElevation={true}
    onClick={[Function]}
    variant="contained"
  >
    Додати завдання
  </WithStyles(ForwardRef(Button))>
  <WithStyles(ForwardRef(Button))
    color="primary"
    data-testid="create-test"
    disableElevation={true}
    onClick={[Function]}
    variant="contained"
  >
    Створити тест
  </WithStyles(ForwardRef(Button))>
</div>
`;
