// Jest Snapshot v1, https://goo.gl/fbAQLP

exports[`Create test component to match snapshot 1`] = `
<div
  class="makeStyles-root-1"
>
  <button
    class="MuiButtonBase-root MuiButton-root MuiButton-contained MuiButton-containedPrimary MuiButton-disableElevation"
    tabindex="0"
    type="button"
  >
    <span
      class="MuiButton-label"
    >
      Додати завдання
    </span>
  </button>
  <button
    class="MuiButtonBase-root MuiButton-root MuiButton-contained MuiButton-containedPrimary MuiButton-disableElevation"
    tabindex="0"
    type="button"
  >
    <span
      class="MuiButton-label"
    >
      Створити тест
    </span>
  </button>
</div>
`;
